[2026-07-09 19:18:17] local.ERROR: The D:\Laragon\laragon\www\tes\backend - Copy\lost-found-backend\bootstrap\cache directory must be present and writable. {"exception":"[object] (Exception(code: 0): The D:\\Laragon\\laragon\\www\\tes\\backend - Copy\\lost-found-backend\\bootstrap\\cache directory must be present and writable. at D:/Laragon/laragon/www/tes/backend - Copy/lost-found-backend/vendor/laravel/framework/src/Illuminate/Foundation/PackageManifest.php:179)
[stacktrace]
#0 D:/Laragon/laragon/www/tes/backend - Copy/lost-found-backend/vendor/laravel/framework/src/Illuminate/Foundation/PackageManifest.php(132): Illuminate/Foundation/PackageManifest->write(Array)
#1 D:/Laragon/laragon/www/tes/backend - Copy/lost-found-backend/vendor/laravel/framework/src/Illuminate/Foundation/PackageManifest.php(108): Illuminate/Foundation/PackageManifest->build()
#2 D:/Laragon/laragon/www/tes/backend - Copy/lost-found-backend/vendor/laravel/framework/src/Illuminate/Foundation/PackageManifest.php(90): Illuminate/Foundation/PackageManifest->getManifest()
#3 D:/Laragon/laragon/www/tes/backend - Copy/lost-found-backend/vendor/laravel/framework/src/Illuminate/Foundation/PackageManifest.php(79): Illuminate/Foundation/PackageManifest->config('aliases')
#4 D:/Laragon/laragon/www/tes/backend - Copy/lost-found-backend/vendor/laravel/framework/src/Illuminate/Foundation/Bootstrap/RegisterFacades.php(26): Illuminate/Foundation/PackageManifest->aliases()
#5 D:/Laragon/laragon/www/tes/backend - Copy/lost-found-backend/vendor/laravel/framework/src/Illuminate/Foundation/Application.php(342): Illuminate/Foundation/Bootstrap/RegisterFacades->bootstrap(Object(Illuminate/Foundation/Application))
#6 D:/Laragon/laragon/www/tes/backend - Copy/lost-found-backend/vendor/laravel/framework/src/Illuminate/Foundation/Console/Kernel.php(494): Illuminate/Foundation/Application->bootstrapWith(Array)
#7 D:/Laragon/laragon/www/tes/backend - Copy/lost-found-backend/vendor/laravel/framework/src/Illuminate/Foundation/Console/Kernel.php(196): Illuminate/Foundation/Console/Kernel->bootstrap()
#8 D:/Laragon/laragon/www/tes/backend - Copy/lost-found-backend/vendor/laravel/framework/src/Illuminate/Foundation/Application.php(1235): Illuminate/Foundation/Console/Kernel->handle(Object(Symfony/Component/Console/Input/ArgvInput), Object(Symfony/Component/Console/Output/ConsoleOutput))
#9 D:/Laragon/laragon/www/tes/backend - Copy/lost-found-backend/artisan(16): Illuminate/Foundation/Application->handleCommand(Object(Symfony/Component/Console/Input/ArgvInput))
#10 {main}
"} 
[2026-07-09 19:18:31] local.ERROR: The D:\Laragon\laragon\www\tes\backend - Copy\lost-found-backend\bootstrap\cache directory must be present and writable. {"exception":"[object] (Exception(code: 0): The D:\\Laragon\\laragon\\www\\tes\\backend - Copy\\lost-found-backend\\bootstrap\\cache directory must be present and writable. at D:/Laragon/laragon/www/tes/backend - Copy/lost-found-backend/vendor/laravel/framework/src/Illuminate/Foundation/PackageManifest.php:179)
[stacktrace]
#0 D:/Laragon/laragon/www/tes/backend - Copy/lost-found-backend/vendor/laravel/framework/src/Illuminate/Foundation/PackageManifest.php(132): Illuminate/Foundation/PackageManifest->write(Array)
#1 D:/Laragon/laragon/www/tes/backend - Copy/lost-found-backend/vendor/laravel/framework/src/Illuminate/Foundation/PackageManifest.php(108): Illuminate/Foundation/PackageManifest->build()
#2 D:/Laragon/laragon/www/tes/backend - Copy/lost-found-backend/vendor/laravel/framework/src/Illuminate/Foundation/PackageManifest.php(90): Illuminate/Foundation/PackageManifest->getManifest()
#3 D:/Laragon/laragon/www/tes/backend - Copy/lost-found-backend/vendor/laravel/framework/src/Illuminate/Foundation/PackageManifest.php(79): Illuminate/Foundation/PackageManifest->config('aliases')
#4 D:/Laragon/laragon/www/tes/backend - Copy/lost-found-backend/vendor/laravel/framework/src/Illuminate/Foundation/Bootstrap/RegisterFacades.php(26): Illuminate/Foundation/PackageManifest->aliases()
#5 D:/Laragon/laragon/www/tes/backend - Copy/lost-found-backend/vendor/laravel/framework/src/Illuminate/Foundation/Application.php(342): Illuminate/Foundation/Bootstrap/RegisterFacades->bootstrap(Object(Illuminate/Foundation/Application))
#6 D:/Laragon/laragon/www/tes/backend - Copy/lost-found-backend/vendor/laravel/framework/src/Illuminate/Foundation/Console/Kernel.php(494): Illuminate/Foundation/Application->bootstrapWith(Array)
#7 D:/Laragon/laragon/www/tes/backend - Copy/lost-found-backend/vendor/laravel/framework/src/Illuminate/Foundation/Console/Kernel.php(196): Illuminate/Foundation/Console/Kernel->bootstrap()
#8 D:/Laragon/laragon/www/tes/backend - Copy/lost-found-backend/vendor/laravel/framework/src/Illuminate/Foundation/Application.php(1235): Illuminate/Foundation/Console/Kernel->handle(Object(Symfony/Component/Console/Input/ArgvInput), Object(Symfony/Component/Console/Output/ConsoleOutput))
#9 D:/Laragon/laragon/www/tes/backend - Copy/lost-found-backend/artisan(16): Illuminate/Foundation/Application->handleCommand(Object(Symfony/Component/Console/Input/ArgvInput))
#10 {main}
"} 
